###############################################################################
#
# IAR ELF Linker V8.40.2.214/W32 for ARM                  16/Mar/2021  22:05:37
# Copyright 2007-2019 IAR Systems AB.
#
#    Output file  =  E:\Git\œŒ»œ\UART2\USART2\Debug\Exe\lab4.out
#    Map file     =  E:\Git\œŒ»œ\UART2\USART2\Debug\List\lab4.map
#    Command line =
#        -f C:\Users\D9F8~1\AppData\Local\Temp\EW1F85.tmp
#        (E:\Git\œŒ»œ\UART2\USART2\Debug\Obj\main.o
#        E:\Git\œŒ»œ\UART2\USART2\Debug\Obj\startupF411RE.o
#        --no_out_extension -o E:\Git\œŒ»œ\UART2\USART2\Debug\Exe\lab4.out
#        --map E:\Git\œŒ»œ\UART2\USART2\Debug\List\lab4.map --config
#        "D:\œ‡ÔÍ‡\”ÌË‚Â\7
#        ÒÂÏ‡Í\IAR\arm\config\linker\ST\stm32f411xE.icf" --semihosting
#        --entry __iar_program_start --vfe --text_out locale)
#
###############################################################################

*******************************************************************************
*** RUNTIME MODEL ATTRIBUTES
***

CppFlavor                     = *
__CPP_Exceptions              = Disabled
__CPP_Language                = C++14
__Heap_Handler                = Basic
__SystemLibrary               = DLib
__dlib_dynamic_initialization = normal
__dlib_version                = 6


*******************************************************************************
*** HEAP SELECTION
***

The basic heap was selected because no calls to memory allocation
functions were found in the application outside of system library
functions, and there are calls to deallocation functions in the
application.


*******************************************************************************
*** PLACEMENT SUMMARY
***

"A0":  place at address 0x800'0000 { ro section .intvec };
"P1":  place in [from 0x800'0000 to 0x807'ffff] { ro };
define block CSTACK with size = 8K, alignment = 8 { };
define block HEAP with size = 8K, alignment = 8 { };
"P2":  place in [from 0x2000'0000 to 0x2001'ffff] {
          rw, block CSTACK, block HEAP };

  Section                Kind         Address    Size  Object
  -------                ----         -------    ----  ------
"A0":                                           0x198
  .intvec                const     0x800'0000   0x198  startupF411RE.o [1]
                                 - 0x800'0198   0x198

"P1":                                           0x5c4
  .text                  ro code   0x800'0198    0xa4  main.o [1]
  .text                  ro code   0x800'023c     0xc  startupF411RE.o [1]
  .text                  ro code   0x800'0248    0x14  main.o [1]
  .text                  ro code   0x800'025c    0x10  main.o [1]
  .text                  ro code   0x800'026c    0x10  main.o [1]
  .text                  ro code   0x800'027c    0x18  main.o [1]
  .text                  ro code   0x800'0294    0x14  main.o [1]
  .text                  ro code   0x800'02a8    0x1c  main.o [1]
  .text                  ro code   0x800'02c4    0x14  main.o [1]
  .text                  ro code   0x800'02d8    0x14  main.o [1]
  .text                  ro code   0x800'02ec     0xc  main.o [1]
  .text                  ro code   0x800'02f8    0x14  main.o [1]
  .text                  ro code   0x800'030c     0xc  main.o [1]
  .text                  ro code   0x800'0318     0xc  main.o [1]
  .text                  ro code   0x800'0324     0xc  main.o [1]
  .text                  ro code   0x800'0330    0x10  main.o [1]
  .text                  ro code   0x800'0340     0xc  main.o [1]
  .text                  ro code   0x800'034c    0x12  main.o [1]
  .text                  ro code   0x800'035e    0x3a  zero_init3.o [5]
  .text                  ro code   0x800'0398    0x36  strlen.o [5]
  .rodata                const     0x800'03ce     0x1  unwind_debug.o [6]
  .text                  ro code   0x800'03d0    0x68  main.o [1]
  .text                  ro code   0x800'0438    0x14  main.o [1]
  .text                  ro code   0x800'044c    0x24  ABIassert.o [6]
  .text                  ro code   0x800'0470     0x2  main.o [1]
  .text                  ro code   0x800'0474    0x76  ABImemcpy_unaligned.o [5]
  .text                  ro code   0x800'04ea     0x4  startupF411RE.o [1]
  .text                  ro code   0x800'04ee     0xe  startupF411RE.o [1]
  .text                  ro code   0x800'04fc     0x8  main.o [1]
  .text                  ro code   0x800'0504     0x8  main.o [1]
  .text                  ro code   0x800'050c     0x6  abort.o [2]
  .text                  ro code   0x800'0514     0xc  startupF411RE.o [1]
  .text                  ro code   0x800'0520    0x14  main.o [1]
  .text                  ro code   0x800'0534    0x14  main.o [1]
  .text                  ro code   0x800'0548    0x14  exit.o [6]
  .rodata                const     0x800'055c    0x44  main.o [1]
  .text                  ro code   0x800'05a0    0x32  startupF411RE.o [1]
  .text                  ro code   0x800'05d4    0x22  fpinit_M.o [4]
  .text                  ro code   0x800'05f8    0x1e  cmain.o [5]
  .text                  ro code   0x800'0618    0x28  data_init.o [5]
  .text                  ro code   0x800'0640     0x4  exit.o [2]
  .text                  ro code   0x800'0644     0xa  cexit.o [5]
  .text                  ro code   0x800'064e    0x2e  startupF411RE.o [1]
  .text                  ro code   0x800'067c     0x8  startupF411RE.o [1]
  .text                  ro code   0x800'0684     0x8  startupF411RE.o [1]
  .text                  ro code   0x800'068c    0x10  startupF411RE.o [1]
  .text                  ro code   0x800'069c    0x10  startupF411RE.o [1]
  .iar.init_table        const     0x800'06ac    0x14  - Linker created -
  .text                  ro code   0x800'06c0    0x20  startupF411RE.o [1]
  .text                  ro code   0x800'06e0    0x10  startupF411RE.o [1]
  .text                  ro code   0x800'06f0    0x10  startupF411RE.o [1]
  .text                  ro code   0x800'0700    0x20  cmain_call_ctors.o [5]
  .text                  ro code   0x800'0720    0x18  cppinit.o [2]
  .rodata                const     0x800'0738    0x10  main.o [1]
  .rodata                const     0x800'0748     0xc  main.o [1]
  SHT$$PREINIT_ARRAY               0x800'0754     0x0  <Block>
  SHT$$INIT_ARRAY                  0x800'0754     0x8  <Block>
    .init_array          const     0x800'0754     0x4  main.o [1]
    .init_array          const     0x800'0758     0x4  startupF411RE.o [1]
  __iar_tls$$INIT_ARRAY            0x800'075c     0x0  <Block>
  .rodata                const     0x800'075c     0x0  zero_init3.o [5]
                                 - 0x800'075c   0x5c4

"P2", part 1 of 2:                              0x10c
  .bss                   zero     0x2000'0000   0x108  startupF411RE.o [1]
  .bss                   zero     0x2000'0108     0x1  startupF411RE.o [1]
                                - 0x2000'0109   0x109

"P2", part 2 of 2:                             0x2000
  CSTACK                          0x2000'0110  0x2000  <Block>
    CSTACK               uninit   0x2000'0110  0x2000  <Block tail>
                                - 0x2000'2110  0x2000

Unused ranges:

         From           To      Size
         ----           --      ----
   0x800'075c   0x807'ffff  0x7'f8a4
  0x2000'010c  0x2000'010f       0x4
  0x2000'2110  0x2001'ffff  0x1'def0


*******************************************************************************
*** INIT TABLE
***

          Address      Size
          -------      ----
Zero (__iar_zero_init3)
    1 destination range, total size 0x109:
          0x2000'0000  0x109

Extra (__iar_cstart_call_ctors)



*******************************************************************************
*** MODULE SUMMARY
***

    Module                 ro code  ro data  rw data
    ------                 -------  -------  -------
command line/config:
    ------------------------------------------------
    Total:

E:\Git\œŒ»œ\UART2\USART2\Debug\Obj: [1]
    main.o                     624      100
    startupF411RE.o            250      412      265
    ------------------------------------------------
    Total:                     874      512      265

dl7M_tln.a: [2]
    abort.o                      6
    cppinit.o                   24
    exit.o                       4
    ------------------------------------------------
    Total:                      34

dlpp7M_tl_nc.a: [3]
    ------------------------------------------------
    Total:

m7M_tls.a: [4]
    fpinit_M.o                  34
    ------------------------------------------------
    Total:                      34

rt7M_tl.a: [5]
    ABImemcpy_unaligned.o      118
    cexit.o                     10
    cmain.o                     30
    cmain_call_ctors.o          32
    data_init.o                 40
    strlen.o                    54
    zero_init3.o                58
    ------------------------------------------------
    Total:                     342

shb_l.a: [6]
    ABIassert.o                 36
    exit.o                      20
    unwind_debug.o                        1
    ------------------------------------------------
    Total:                      56        1

    Gaps                        11
    Linker created                       20    8'192
----------------------------------------------------
    Grand Total:             1'351      533    8'457


*******************************************************************************
*** ENTRY LIST
***

Entry                       Address   Size  Type      Object
-----                       -------   ----  ----      ------
.iar.init_table$$Base    0x800'06ac          --   Gb  - Linker created -
.iar.init_table$$Limit   0x800'06c0          --   Gb  - Linker created -
?main                    0x800'05f9         Code  Gb  cmain.o [5]
CSTACK$$Base            0x2000'0110          --   Gb  - Linker created -
CSTACK$$Limit           0x2000'2110          --   Gb  - Linker created -
DummyModule::handler()   0x800'05c1    0x2  Code  Gb  startupF411RE.o [1]
Initialization guard variable for usartDriver
                        0x2000'0108    0x1  Data  Gb  startupF411RE.o [1]
Region$$Table$$Base      0x800'06ac          --   Gb  - Linker created -
Region$$Table$$Limit     0x800'06c0          --   Gb  - Linker created -
SHT$$INIT_ARRAY$$Base    0x800'0754          --   Gb  - Linker created -
SHT$$INIT_ARRAY$$Limit   0x800'075c          --   Gb  - Linker created -
SHT$$PREINIT_ARRAY$$Base
                         0x800'0754          --   Gb  - Linker created -
SHT$$PREINIT_ARRAY$$Limit
                         0x800'0754          --   Gb  - Linker created -
USARTDriver<Usart2>::OnNextByteTransmit()
                         0x800'064f   0x2e  Code  Gb  startupF411RE.o [1]
USARTDriver<Usart2>::SendMessage(char const *, unsigned int)
                         0x800'03d1   0x68  Code  Gb  main.o [1]
USARTDriver<Usart2>::SendMessage(char const *, unsigned int)::string
                         0x800'0748    0xc  Data  Gb  main.o [1]
USARTDriver<Usart2>::SendMessage(char const *, unsigned int)::string (instance 2)
                         0x800'055c   0x44  Data  Gb  main.o [1]
USARTDriver<Usart2>::USARTDriver()
                         0x800'023d    0xc  Code  Gb  startupF411RE.o [1]
Usart<USART2, usartDriver>::InterruptDisable()
                         0x800'0685    0x8  Code  Gb  startupF411RE.o [1]
Usart<USART2, usartDriver>::InterruptEnable()
                         0x800'0505    0x8  Code  Gb  main.o [1]
Usart<USART2, usartDriver>::InterruptHandler()
                         0x800'06c1   0x20  Code  Gb  startupF411RE.o [1]
Usart<USART2, usartDriver>::TransmitDisable()
                         0x800'067d    0x8  Code  Gb  startupF411RE.o [1]
Usart<USART2, usartDriver>::TransmitEnable()
                         0x800'04fd    0x8  Code  Gb  main.o [1]
Usart<USART2, usartDriver>::WriteByte(unsigned char)
                         0x800'04ef    0xe  Code  Gb  startupF411RE.o [1]
__aeabi_assert           0x800'044d   0x24  Code  Gb  ABIassert.o [6]
__call_ctors             0x800'0721   0x18  Code  Gb  cppinit.o [2]
__cmain                  0x800'05f9         Code  Gb  cmain.o [5]
__exit                   0x800'0549   0x14  Code  Gb  exit.o [6]
__iar_cstart_call_ctors
                         0x800'0701   0x20  Code  Gb  cmain_call_ctors.o [5]
__iar_data_init3         0x800'0619   0x28  Code  Gb  data_init.o [5]
__iar_debug_exceptions   0x800'03ce    0x1  Data  Gb  unwind_debug.o [6]
__iar_init_vfp           0x800'05d5         Code  Gb  fpinit_M.o [4]
__iar_program_start      0x800'05c3   0x10  Code  Gb  startupF411RE.o [1]
__iar_tls$$INIT_ARRAY$$Base
                         0x800'075c          --   Gb  - Linker created -
__iar_tls$$INIT_ARRAY$$Limit
                         0x800'075c          --   Gb  - Linker created -
__iar_unaligned_memcpy   0x800'0475         Code  Gb  ABImemcpy_unaligned.o [5]
__iar_unaligned_memcpy4
                         0x800'0495         Code  Gb  ABImemcpy_unaligned.o [5]
__iar_unaligned_memcpy8
                         0x800'0495         Code  Gb  ABImemcpy_unaligned.o [5]
__iar_zero_init3         0x800'035f   0x3a  Code  Gb  zero_init3.o [5]
__low_level_init         0x800'01af   0x5e  Code  Gb  main.o [1]
__sti__routine           0x800'0199   0x16  Code  Lc  main.o [1]
__sti__routine           0x800'05a1   0x16  Code  Lc  startupF411RE.o [1]
__vector_table           0x800'0000  0x198  Data  Gb  startupF411RE.o [1]
_call_main               0x800'0605         Code  Gb  cmain.o [5]
_exit                    0x800'0645         Code  Gb  cexit.o [5]
_main                    0x800'0613         Code  Gb  cmain.o [5]
abort                    0x800'050d    0x6  Code  Gb  abort.o [2]
bool FieldValueBase<RCC_CFGR_SWS_Values<RCC::CFGR, (unsigned int)2, (unsigned int)2, ReadMode, RCC::RCCCFGRBase>, RCC::RCCCFGRBase, (unsigned int)0>::IsSet<ReadMode, void>()
                         0x800'027d   0x18  Code  Gb  main.o [1]
bool FieldValueBase<RCC_CR_HSIRDY_Values<RCC::CR, (unsigned int)1, (unsigned int)1, ReadMode, RCC::RCCCRBase>, RCC::RCCCRBase, (unsigned int)1>::IsSet<ReadMode, void>()
                         0x800'025d   0x10  Code  Gb  main.o [1]
bool FieldValueBase<TIM2_SR_UIF_Values<TIM2::SR, (unsigned int)0, (unsigned int)1, ReadWriteMode, TIM2::TIM2SRBase>, TIM2::TIM2SRBase, (unsigned int)0>::IsSet<ReadWriteMode, void>()
                         0x800'0439   0x14  Code  Gb  main.o [1]
bool FieldValueBase<USART2_CR1_TXEIE_Values<USART2::CR1, (unsigned int)7, (unsigned int)1, ReadWriteMode, USART2::USART2CR1Base>, USART2::USART2CR1Base, (unsigned int)1>::IsSet<ReadWriteMode, void>()
                         0x800'06f1   0x10  Code  Gb  startupF411RE.o [1]
bool FieldValueBase<USART2_SR_TXE_Values<USART2::SR, (unsigned int)7, (unsigned int)1, ReadMode, USART2::USART2SRBase>, USART2::USART2SRBase, (unsigned int)1>::IsSet<ReadMode, void>()
                         0x800'06e1   0x10  Code  Gb  startupF411RE.o [1]
exit                     0x800'0641    0x4  Code  Gb  exit.o [2]
main                     0x800'020d   0x22  Code  Gb  main.o [1]
std::array<unsigned char, (unsigned int)255>::data()
                         0x800'0471    0x2  Code  Gb  main.o [1]
std::array<unsigned char, (unsigned int)255>::operator [](unsigned int)
                         0x800'04eb    0x4  Code  Gb  startupF411RE.o [1]
strlen                   0x800'0399         Code  Gb  strlen.o [5]
usartDriver             0x2000'0000  0x108  Data  Gb  startupF411RE.o [1]
void FieldValueBase<RCC_AHB1ENR_DMA2EN_Values<RCC::AHB1ENR, (unsigned int)0, (unsigned int)1, ReadWriteMode, RCC::RCCAHB1ENRBase>, RCC::RCCAHB1ENRBase, (unsigned int)1>::Set<ReadWriteMode, void>()
                         0x800'0295   0x14  Code  Gb  main.o [1]
void FieldValueBase<RCC_CFGR_SW_Values<RCC::CFGR, (unsigned int)0, (unsigned int)2, ReadWriteMode, RCC::RCCCFGRBase>, RCC::RCCCFGRBase, (unsigned int)0>::Set<ReadWriteMode, void>()
                         0x800'026d   0x10  Code  Gb  main.o [1]
void FieldValueBase<RCC_CR_HSION_Values<RCC::CR, (unsigned int)0, (unsigned int)1, ReadWriteMode, RCC::RCCCRBase>, RCC::RCCCRBase, (unsigned int)1>::Set<ReadWriteMode, void>()
                         0x800'0249   0x14  Code  Gb  main.o [1]
void FieldValueBase<TIM2_CR1_CEN_Values<TIM2::CR1, (unsigned int)0, (unsigned int)1, ReadWriteMode, TIM2::TIM2CR1Base>, TIM2::TIM2CR1Base, (unsigned int)1>::Set<ReadWriteMode, void>()
                         0x800'034d   0x12  Code  Gb  main.o [1]
void FieldValueBase<TIM2_SR_UIF_Values<TIM2::SR, (unsigned int)0, (unsigned int)1, ReadWriteMode, TIM2::TIM2SRBase>, TIM2::TIM2SRBase, (unsigned int)0>::Set<ReadWriteMode, void>()
                         0x800'0331   0x10  Code  Gb  main.o [1]
void FieldValueBase<USART2_CR1_RE_Values<USART2::CR1, (unsigned int)2, (unsigned int)1, ReadWriteMode, USART2::USART2CR1Base>, USART2::USART2CR1Base, (unsigned int)0>::Set<ReadWriteMode, void>()
                         0x800'068d   0x10  Code  Gb  startupF411RE.o [1]
void FieldValueBase<USART2_CR1_TE_Values<USART2::CR1, (unsigned int)3, (unsigned int)1, ReadWriteMode, USART2::USART2CR1Base>, USART2::USART2CR1Base, (unsigned int)1>::Set<ReadWriteMode, void>()
                         0x800'0521   0x14  Code  Gb  main.o [1]
void FieldValueBase<USART2_CR1_TXEIE_Values<USART2::CR1, (unsigned int)7, (unsigned int)1, ReadWriteMode, USART2::USART2CR1Base>, USART2::USART2CR1Base, (unsigned int)0>::Set<ReadWriteMode, void>()
                         0x800'069d   0x10  Code  Gb  startupF411RE.o [1]
void FieldValueBase<USART2_CR1_TXEIE_Values<USART2::CR1, (unsigned int)7, (unsigned int)1, ReadWriteMode, USART2::USART2CR1Base>, USART2::USART2CR1Base, (unsigned int)1>::Set<ReadWriteMode, void>()
                         0x800'0535   0x14  Code  Gb  main.o [1]
void FieldValueBase<USART2_CR1_UE_Values<USART2::CR1, (unsigned int)13, (unsigned int)1, ReadWriteMode, USART2::USART2CR1Base>, USART2::USART2CR1Base, (unsigned int)1>::Set<ReadWriteMode, void>()
                         0x800'02f9   0x14  Code  Gb  main.o [1]
void Register<(unsigned int)1073872896, (unsigned int)32, ReadWriteMode, GPIOA::GPIOAMODERBase, FieldValue<GPIOA_MODER_MODER15_Values<GPIOA::MODER, (unsigned int)4, (unsigned int)2, ReadWriteMode, GPIOA::GPIOAMODERBase>, GPIOA::GPIOAMODERBase, (unsigned int)2>, FieldValue<GPIOA_MODER_MODER15_Values<GPIOA::MODER, (unsigned int)6, (unsigned int)2, ReadWriteMode, GPIOA::GPIOAMODERBase>, GPIOA::GPIOAMODERBase, (unsigned int)2>>::Set<ReadWriteMode, void>()
                         0x800'02c5   0x14  Code  Gb  main.o [1]
void Register<(unsigned int)1073872928, (unsigned int)32, ReadWriteMode, GPIOA::GPIOAAFRLBase, FieldValue<GPIOA_AFRL_AFRL7_Values<GPIOA::AFRL, (unsigned int)8, (unsigned int)4, ReadWriteMode, GPIOA::GPIOAAFRLBase>, GPIOA::GPIOAAFRLBase, (unsigned int)7>, FieldValue<GPIOA_AFRL_AFRL7_Values<GPIOA::AFRL, (unsigned int)12, (unsigned int)4, ReadWriteMode, GPIOA::GPIOAAFRLBase>, GPIOA::GPIOAAFRLBase, (unsigned int)7>>::Set<ReadWriteMode, void>()
                         0x800'02d9   0x14  Code  Gb  main.o [1]
void Register<(unsigned int)1073887296, (unsigned int)32, ReadWriteMode, RCC::RCCAPB1ENRBase, FieldValue<RCC_AHB1ENR_DMA2EN_Values<RCC::APB1ENR, (unsigned int)0, (unsigned int)1, ReadWriteMode, RCC::RCCAPB1ENRBase>, RCC::RCCAPB1ENRBase, (unsigned int)1>, FieldValue<RCC_AHB1ENR_DMA2EN_Values<RCC::APB1ENR, (unsigned int)17, (unsigned int)1, ReadWriteMode, RCC::RCCAPB1ENRBase>, RCC::RCCAPB1ENRBase, (unsigned int)1>>::Set<ReadWriteMode, void>()
                         0x800'02a9   0x1c  Code  Gb  main.o [1]
void RegisterBase<(unsigned int)1073741860, (unsigned int)32, ReadWriteMode>::Write<ReadWriteMode, void>(unsigned int)
                         0x800'0341    0xc  Code  Gb  main.o [1]
void RegisterBase<(unsigned int)1073741864, (unsigned int)32, ReadWriteMode>::Write<ReadWriteMode, void>(unsigned int)
                         0x800'0319    0xc  Code  Gb  main.o [1]
void RegisterBase<(unsigned int)1073741868, (unsigned int)32, ReadWriteMode>::Write<ReadWriteMode, void>(unsigned int)
                         0x800'0325    0xc  Code  Gb  main.o [1]
void RegisterBase<(unsigned int)1073759236, (unsigned int)32, ReadWriteMode>::Write<ReadWriteMode, void>(unsigned int)
                         0x800'0515    0xc  Code  Gb  startupF411RE.o [1]
void RegisterBase<(unsigned int)1073759240, (unsigned int)32, ReadWriteMode>::Write<ReadWriteMode, void>(unsigned int)
                         0x800'02ed    0xc  Code  Gb  main.o [1]
void RegisterBase<(unsigned int)3758153988, (unsigned int)32, ReadWriteMode>::Write<ReadWriteMode, void>(unsigned int)
                         0x800'030d    0xc  Code  Gb  main.o [1]


[1] = E:\Git\œŒ»œ\UART2\USART2\Debug\Obj
[2] = dl7M_tln.a
[3] = dlpp7M_tl_nc.a
[4] = m7M_tls.a
[5] = rt7M_tl.a
[6] = shb_l.a

  1'351 bytes of readonly  code memory
    533 bytes of readonly  data memory
  8'457 bytes of readwrite data memory

Errors: none
Warnings: none
